2026-06-05 02:42:47 +0000 [MT] Initial pipeline context: <IDEDistributionProcessingPipelineContext: 0x134e0b570; archive(resolved)="<IDEArchive: 0x1172897c0>", distributionTask(resolved)="2", distributionDestination(resolved)="1", distributionMethod(resolved)="<IDEDistributionMethodiOSAppStoreDistribution: 0x114309220>", team(resolved)="<IDEProvisioningBasicTeam: 0x119e15410; teamID='2PW989LA87', teamName='(null)'>">
	Chain (15, self inclusive):
	<IDEDistributionProcessingPipelineContext: 0x134e0b570; archive = "<IDEArchive: 0x1172897c0>", distributionMethod="<IDEDistributionMethodiOSAppStoreDistribution: 0x114309220>", team="<IDEProvisioningBasicTeam: 0x119e15410; teamID='2PW989LA87', teamName='(null)'>">
	<IDEDistributionProcessingPipelineContext: 0x116cdb4c0; archive = "<IDEArchive: 0x1172897c0>", distributionMethod="<IDEDistributionMethodiOSAppStoreDistribution: 0x114309220>", team="<IDEProvisioningBasicTeam: 0x119e15410; teamID='2PW989LA87', teamName='(null)'>">
	<IDEDistributionContext: 0x120fb8930; archive = "<IDEArchive: 0x1172897c0>", distributionMethod="<IDEDistributionMethodiOSAppStoreDistribution: 0x114309220>", team="<IDEProvisioningBasicTeam: 0x119e15410; teamID='2PW989LA87', teamName='(null)'>">
	<IDEDistributionContext: 0x119e1bf10; archive = "<IDEArchive: 0x1172897c0>", distributionMethod="<IDEDistributionMethodiOSAppStoreDistribution: 0x114309220>", team="<IDEProvisioningBasicTeam: 0x119e15410; teamID='2PW989LA87', teamName='(null)'>">
	<IDEDistributionContext: 0x119f24370; archive = "<IDEArchive: 0x1172897c0>", distributionMethod="<IDEDistributionMethodiOSAppStoreDistribution: 0x114309220>", team="<IDEProvisioningBasicTeam: 0x119e15410; teamID='2PW989LA87', teamName='(null)'>">
	<IDEDistributionContext: 0x111f06600; archive = "<IDEArchive: 0x1172897c0>", distributionMethod="<IDEDistributionMethodiOSAppStoreDistribution: 0x114309220>", team="<IDEProvisioningBasicTeam: 0x119e15410; teamID='2PW989LA87', teamName='(null)'>">
	<IDEDistributionContext: 0x1211214e0; archive = "<IDEArchive: 0x1172897c0>", distributionMethod="<IDEDistributionMethodiOSAppStoreDistribution: 0x114309220>", team="<IDEProvisioningBasicTeam: 0x119e15410; teamID='2PW989LA87', teamName='(null)'>">
	<IDEDistributionContext: 0x1211220e0; archive = "<IDEArchive: 0x1172897c0>", distributionMethod="<IDEDistributionMethodiOSAppStoreDistribution: 0x114309220>", team="<IDEProvisioningBasicTeam: 0x119e15410; teamID='2PW989LA87', teamName='(null)'>">
	<IDEDistributionContext: 0x121124a40; archive = "<IDEArchive: 0x1172897c0>", distributionMethod="<IDEDistributionMethodiOSAppStoreDistribution: 0x114309220>", team="<IDEProvisioningBasicTeam: 0x119e15410; teamID='2PW989LA87', teamName='(null)'>">
	<IDEDistributionContext: 0x11797dd10; archive = "<IDEArchive: 0x1172897c0>", distributionMethod="<IDEDistributionMethodiOSAppStoreDistribution: 0x114309220>", team="<IDEProvisioningBasicTeam: 0x119e15410; teamID='2PW989LA87', teamName='(null)'>">
	<IDEDistributionContext: 0x11799e3a0; archive = "<IDEArchive: 0x1172897c0>", distributionMethod="<IDEDistributionMethodiOSAppStoreDistribution: 0x114309220>", team="<IDEProvisioningBasicTeam: 0x119e15410; teamID='2PW989LA87', teamName='(null)'>">
	<IDEDistributionContext: 0x116ce2700; archive = "<IDEArchive: 0x1172897c0>", distributionMethod="<IDEDistributionMethodiOSAppStoreDistribution: 0x114309220>", team="<IDEProvisioningBasicTeam: 0x119e15410; teamID='2PW989LA87', teamName='(null)'>">
	<IDEDistributionContext: 0x1172d3730; archive = "<IDEArchive: 0x1172897c0>", distributionMethod="<IDEDistributionMethodiOSAppStoreDistribution: 0x114309220>", team="(null)">
	<IDEDistributionContext: 0x1173e29d0; archive = "<IDEArchive: 0x1172897c0>", distributionMethod="<IDEDistributionMethodiOSAppStoreDistribution: 0x114309220>", team="(null)">
	<IDEDistributionContext: 0x11728a820; archive = "<IDEArchive: 0x1172897c0>", distributionMethod="(null)", team="(null)">
</IDEDistributionProcessingPipelineContext: 0x134e0b570>
2026-06-05 02:42:47 +0000 [MT] Processing step: IDEDistributionCreateDestRootStep
2026-06-05 02:42:47 +0000 [MT] Processing step: IDEDistributionCopyItemStep
2026-06-05 02:42:47 +0000 [MT] Running /usr/bin/ditto '-V' '/Users/alexhuggler/Desktop/AI Work/PCOS/PCOS_Management/Artifacts/Archives/CycleBalance-1.0.0-b1.xcarchive/Products/Applications/PCOS.app' '/var/folders/0b/k1m09vp508q4s2yhd017gsr40000gn/T/XcodeDistPipeline.~~~XNv9PY/Root/Payload/PCOS.app'
2026-06-05 02:42:47 +0000  >>> Copying /Users/alexhuggler/Desktop/AI Work/PCOS/PCOS_Management/Artifacts/Archives/CycleBalance-1.0.0-b1.xcarchive/Products/Applications/PCOS.app 
2026-06-05 02:42:47 +0000  copying file ./de.lproj/Localizable.strings ... 
2026-06-05 02:42:47 +0000  162874 bytes for ./de.lproj/Localizable.strings
2026-06-05 02:42:47 +0000  copying file ./de.lproj/InfoPlist.strings ... 
2026-06-05 02:42:47 +0000  1494 bytes for ./de.lproj/InfoPlist.strings
2026-06-05 02:42:47 +0000  copying file ./_CodeSignature/CodeResources ... 
2026-06-05 02:42:47 +0000  29281 bytes for ./_CodeSignature/CodeResources
2026-06-05 02:42:47 +0000  copying file ./ja.lproj/Localizable.strings ... 
2026-06-05 02:42:47 +0000  101674 bytes for ./ja.lproj/Localizable.strings
2026-06-05 02:42:47 +0000  copying file ./ja.lproj/InfoPlist.strings ... 
2026-06-05 02:42:47 +0000  985 bytes for ./ja.lproj/InfoPlist.strings
2026-06-05 02:42:47 +0000  copying file ./SampleNutritionFixtures.json ... 
2026-06-05 02:42:47 +0000  12543 bytes for ./SampleNutritionFixtures.json
2026-06-05 02:42:47 +0000  copying file ./CormorantGaramond-Italic.ttf ... 
2026-06-05 02:42:47 +0000  715644 bytes for ./CormorantGaramond-Italic.ttf
2026-06-05 02:42:47 +0000  copying file ./it.lproj/Localizable.strings ... 
2026-06-05 02:42:47 +0000  141371 bytes for ./it.lproj/Localizable.strings
2026-06-05 02:42:47 +0000  copying file ./it.lproj/InfoPlist.strings ... 
2026-06-05 02:42:47 +0000  1448 bytes for ./it.lproj/InfoPlist.strings
2026-06-05 02:42:47 +0000  copying file ./AppIcon60x60@2x.png ... 
2026-06-05 02:42:47 +0000  22129 bytes for ./AppIcon60x60@2x.png
2026-06-05 02:42:47 +0000  copying file ./FoodAliases.json ... 
2026-06-05 02:42:47 +0000  1564 bytes for ./FoodAliases.json
2026-06-05 02:42:47 +0000  copying file ./FoodDensityDefaults.json ... 
2026-06-05 02:42:47 +0000  308 bytes for ./FoodDensityDefaults.json
2026-06-05 02:42:47 +0000  copying file ./ko.lproj/Localizable.strings ... 
2026-06-05 02:42:47 +0000  104087 bytes for ./ko.lproj/Localizable.strings
2026-06-05 02:42:47 +0000  copying file ./ko.lproj/InfoPlist.strings ... 
2026-06-05 02:42:47 +0000  1063 bytes for ./ko.lproj/InfoPlist.strings
2026-06-05 02:42:47 +0000  copying file ./CormorantGaramond-SemiBold.ttf ... 
2026-06-05 02:42:47 +0000  1195560 bytes for ./CormorantGaramond-SemiBold.ttf
2026-06-05 02:42:47 +0000  copying file ./CormorantGaramond-Regular.ttf ... 
2026-06-05 02:42:47 +0000  1195560 bytes for ./CormorantGaramond-Regular.ttf
2026-06-05 02:42:47 +0000  copying file ./RevenueCat_RevenueCatUI.bundle/de.lproj/Localizable.strings ... 
2026-06-05 02:42:47 +0000  814 bytes for ./RevenueCat_RevenueCatUI.bundle/de.lproj/Localizable.strings
2026-06-05 02:42:47 +0000  copying file ./RevenueCat_RevenueCatUI.bundle/zh_Hans.lproj/Localizable.strings ... 
2026-06-05 02:42:47 +0000  700 bytes for ./RevenueCat_RevenueCatUI.bundle/zh_Hans.lproj/Localizable.strings
2026-06-05 02:42:47 +0000  copying file ./RevenueCat_RevenueCatUI.bundle/he.lproj/Localizable.strings ... 
2026-06-05 02:42:47 +0000  887 bytes for ./RevenueCat_RevenueCatUI.bundle/he.lproj/Localizable.strings
2026-06-05 02:42:47 +0000  copying file ./RevenueCat_RevenueCatUI.bundle/en_AU.lproj/Localizable.strings ... 
2026-06-05 02:42:47 +0000  725 bytes for ./RevenueCat_RevenueCatUI.bundle/en_AU.lproj/Localizable.strings
2026-06-05 02:42:47 +0000  copying file ./RevenueCat_RevenueCatUI.bundle/ar.lproj/Localizable.strings ... 
2026-06-05 02:42:47 +0000  876 bytes for ./RevenueCat_RevenueCatUI.bundle/ar.lproj/Localizable.strings
2026-06-05 02:42:47 +0000  copying file ./RevenueCat_RevenueCatUI.bundle/el.lproj/Localizable.strings ... 
2026-06-05 02:42:47 +0000  1014 bytes for ./RevenueCat_RevenueCatUI.bundle/el.lproj/Localizable.strings
2026-06-05 02:42:47 +0000  copying file ./RevenueCat_RevenueCatUI.bundle/ja.lproj/Localizable.strings ... 
2026-06-05 02:42:47 +0000  859 bytes for ./RevenueCat_RevenueCatUI.bundle/ja.lproj/Localizable.strings
2026-06-05 02:42:47 +0000  copying file ./RevenueCat_RevenueCatUI.bundle/eu.lproj/Localizable.strings ... 
2026-06-05 02:42:47 +0000  798 bytes for ./RevenueCat_RevenueCatUI.bundle/eu.lproj/Localizable.strings
2026-06-05 02:42:47 +0000  copying file ./RevenueCat_RevenueCatUI.bundle/en.lproj/Localizable.strings ... 
2026-06-05 02:42:47 +0000  725 bytes for ./RevenueCat_RevenueCatUI.bundle/en.lproj/Localizable.strings
2026-06-05 02:42:47 +0000  copying file ./RevenueCat_RevenueCatUI.bundle/uk.lproj/Localizable.strings ... 
2026-06-05 02:42:47 +0000  1019 bytes for ./RevenueCat_RevenueCatUI.bundle/uk.lproj/Localizable.strings
2026-06-05 02:42:47 +0000  copying file ./RevenueCat_RevenueCatUI.bundle/es_419.lproj/Localizable.strings ... 
2026-06-05 02:42:47 +0000  770 bytes for ./RevenueCat_RevenueCatUI.bundle/es_419.lproj/Localizable.strings
2026-06-05 02:42:47 +0000  copying file ./RevenueCat_RevenueCatUI.bundle/en_US.lproj/Localizable.strings ... 
2026-06-05 02:42:47 +0000  725 bytes for ./RevenueCat_RevenueCatUI.bundle/en_US.lproj/Localizable.strings
2026-06-05 02:42:47 +0000  copying file ./RevenueCat_RevenueCatUI.bundle/pt_BR.lproj/Localizable.strings ... 
2026-06-05 02:42:47 +0000  770 bytes for ./RevenueCat_RevenueCatUI.bundle/pt_BR.lproj/Localizable.strings
2026-06-05 02:42:47 +0000  copying file ./RevenueCat_RevenueCatUI.bundle/da.lproj/Localizable.strings ... 
2026-06-05 02:42:47 +0000  765 bytes for ./RevenueCat_RevenueCatUI.bundle/da.lproj/Localizable.strings
2026-06-05 02:42:47 +0000  copying file ./RevenueCat_RevenueCatUI.bundle/sr_Latn.lproj/Localizable.strings ... 
2026-06-05 02:42:47 +0000  755 bytes for ./RevenueCat_RevenueCatUI.bundle/sr_Latn.lproj/Localizable.strings
2026-06-05 02:42:47 +0000  copying file ./RevenueCat_RevenueCatUI.bundle/it.lproj/Localizable.strings ... 
2026-06-05 02:42:47 +0000  801 bytes for ./RevenueCat_RevenueCatUI.bundle/it.lproj/Localizable.strings
2026-06-05 02:42:47 +0000  copying file ./RevenueCat_RevenueCatUI.bundle/bg.lproj/Localizable.strings ... 
2026-06-05 02:42:47 +0000  1051 bytes for ./RevenueCat_RevenueCatUI.bundle/bg.lproj/Localizable.strings
2026-06-05 02:42:47 +0000  copying file ./RevenueCat_RevenueCatUI.bundle/sk.lproj/Localizable.strings ... 
2026-06-05 02:42:47 +0000  784 bytes for ./RevenueCat_RevenueCatUI.bundle/sk.lproj/Localizable.strings
2026-06-05 02:42:47 +0000  copying file ./RevenueCat_RevenueCatUI.bundle/kk.lproj/Localizable.strings ... 
2026-06-05 02:42:47 +0000  1066 bytes for ./RevenueCat_RevenueCatUI.bundle/kk.lproj/Localizable.strings
2026-06-05 02:42:47 +0000  copying file ./RevenueCat_RevenueCatUI.bundle/pt_PT.lproj/Localizable.strings ... 
2026-06-05 02:42:47 +0000  770 bytes for ./RevenueCat_RevenueCatUI.bundle/pt_PT.lproj/Localizable.strings
2026-06-05 02:42:47 +0000  copying file ./RevenueCat_RevenueCatUI.bundle/sr.lproj/Localizable.strings ... 
2026-06-05 02:42:47 +0000  960 bytes for ./RevenueCat_RevenueCatUI.bundle/sr.lproj/Localizable.strings
2026-06-05 02:42:47 +0000  copying file ./RevenueCat_RevenueCatUI.bundle/ms.lproj/Localizable.strings ... 
2026-06-05 02:42:47 +0000  757 bytes for ./RevenueCat_RevenueCatUI.bundle/ms.lproj/Localizable.strings
2026-06-05 02:42:47 +0000  copying file ./RevenueCat_RevenueCatUI.bundle/sv.lproj/Localizable.strings ... 
2026-06-05 02:42:47 +0000  771 bytes for ./RevenueCat_RevenueCatUI.bundle/sv.lproj/Localizable.strings
2026-06-05 02:42:47 +0000  copying file ./RevenueCat_RevenueCatUI.bundle/cs.lproj/Localizable.strings ... 
2026-06-05 02:42:47 +0000  789 bytes for ./RevenueCat_RevenueCatUI.bundle/cs.lproj/Localizable.strings
2026-06-05 02:42:47 +0000  copying file ./RevenueCat_RevenueCatUI.bundle/ko.lproj/Localizable.strings ... 
2026-06-05 02:42:47 +0000  810 bytes for ./RevenueCat_RevenueCatUI.bundle/ko.lproj/Localizable.strings
2026-06-05 02:42:47 +0000  copying file ./RevenueCat_RevenueCatUI.bundle/zh_Hant.lproj/Localizable.strings ... 
2026-06-05 02:42:47 +0000  703 bytes for ./RevenueCat_RevenueCatUI.bundle/zh_Hant.lproj/Localizable.strings
2026-06-05 02:42:47 +0000  copying file ./RevenueCat_RevenueCatUI.bundle/background.jpg ... 
2026-06-05 02:42:47 +0000  106394 bytes for ./RevenueCat_RevenueCatUI.bundle/background.jpg
2026-06-05 02:42:47 +0000  copying file ./RevenueCat_RevenueCatUI.bundle/en_CA.lproj/Localizable.strings ... 
2026-06-05 02:42:47 +0000  725 bytes for ./RevenueCat_RevenueCatUI.bundle/en_CA.lproj/Localizable.strings
2026-06-05 02:42:47 +0000  copying file ./RevenueCat_RevenueCatUI.bundle/no.lproj/Localizable.strings ... 
2026-06-05 02:42:47 +0000  771 bytes for ./RevenueCat_RevenueCatUI.bundle/no.lproj/Localizable.strings
2026-06-05 02:42:47 +0000  copying file ./RevenueCat_RevenueCatUI.bundle/hu.lproj/Localizable.strings ... 
2026-06-05 02:42:47 +0000  837 bytes for ./RevenueCat_RevenueCatUI.bundle/hu.lproj/Localizable.strings
2026-06-05 02:42:47 +0000  copying file ./RevenueCat_RevenueCatUI.bundle/Assets.car ... 
2026-06-05 02:42:47 +0000  273352 bytes for ./RevenueCat_RevenueCatUI.bundle/Assets.car
2026-06-05 02:42:47 +0000  copying file ./RevenueCat_RevenueCatUI.bundle/tr.lproj/Localizable.strings ... 
2026-06-05 02:42:47 +0000  790 bytes for ./RevenueCat_RevenueCatUI.bundle/tr.lproj/Localizable.strings
2026-06-05 02:42:47 +0000  copying file ./RevenueCat_RevenueCatUI.bundle/pl.lproj/Localizable.strings ... 
2026-06-05 02:42:47 +0000  782 bytes for ./RevenueCat_RevenueCatUI.bundle/pl.lproj/Localizable.strings
2026-06-05 02:42:47 +0000  copying file ./RevenueCat_RevenueCatUI.bundle/en_GB.lproj/Localizable.strings ... 
2026-06-05 02:42:47 +0000  725 bytes for ./RevenueCat_RevenueCatUI.bundle/en_GB.lproj/Localizable.strings
2026-06-05 02:42:47 +0000  copying file ./RevenueCat_RevenueCatUI.bundle/vi.lproj/Localizable.strings ... 
2026-06-05 02:42:47 +0000  857 bytes for ./RevenueCat_RevenueCatUI.bundle/vi.lproj/Localizable.strings
2026-06-05 02:42:47 +0000  copying file ./RevenueCat_RevenueCatUI.bundle/ru.lproj/Localizable.strings ... 
2026-06-05 02:42:47 +0000  1078 bytes for ./RevenueCat_RevenueCatUI.bundle/ru.lproj/Localizable.strings
2026-06-05 02:42:47 +0000  copying file ./RevenueCat_RevenueCatUI.bundle/fr_CA.lproj/Localizable.strings ... 
2026-06-05 02:42:47 +0000  810 bytes for ./RevenueCat_RevenueCatUI.bundle/fr_CA.lproj/Localizable.strings
2026-06-05 02:42:47 +0000  copying file ./RevenueCat_RevenueCatUI.bundle/es_ES.lproj/Localizable.strings ... 
2026-06-05 02:42:47 +0000  770 bytes for ./RevenueCat_RevenueCatUI.bundle/es_ES.lproj/Localizable.strings
2026-06-05 02:42:47 +0000  copying file ./RevenueCat_RevenueCatUI.bundle/fi.lproj/Localizable.strings ... 
2026-06-05 02:42:47 +0000  760 bytes for ./RevenueCat_RevenueCatUI.bundle/fi.lproj/Localizable.strings
2026-06-05 02:42:47 +0000  copying file ./RevenueCat_RevenueCatUI.bundle/id.lproj/Localizable.strings ... 
2026-06-05 02:42:47 +0000  752 bytes for ./RevenueCat_RevenueCatUI.bundle/id.lproj/Localizable.strings
2026-06-05 02:42:47 +0000  copying file ./RevenueCat_RevenueCatUI.bundle/nl.lproj/Localizable.strings ... 
2026-06-05 02:42:47 +0000  757 bytes for ./RevenueCat_RevenueCatUI.bundle/nl.lproj/Localizable.strings
2026-06-05 02:42:47 +0000  copying file ./RevenueCat_RevenueCatUI.bundle/th.lproj/Localizable.strings ... 
2026-06-05 02:42:47 +0000  1254 bytes for ./RevenueCat_RevenueCatUI.bundle/th.lproj/Localizable.strings
2026-06-05 02:42:47 +0000  copying file ./RevenueCat_RevenueCatUI.bundle/az.lproj/Localizable.strings ... 
2026-06-05 02:42:47 +0000  771 bytes for ./RevenueCat_RevenueCatUI.bundle/az.lproj/Localizable.strings
2026-06-05 02:42:47 +0000  copying file ./RevenueCat_RevenueCatUI.bundle/ro.lproj/Localizable.strings ... 
2026-06-05 02:42:47 +0000  821 bytes for ./RevenueCat_RevenueCatUI.bundle/ro.lproj/Localizable.strings
2026-06-05 02:42:47 +0000  copying file ./RevenueCat_RevenueCatUI.bundle/Info.plist ... 
2026-06-05 02:42:47 +0000  696 bytes for ./RevenueCat_RevenueCatUI.bundle/Info.plist
2026-06-05 02:42:47 +0000  copying file ./RevenueCat_RevenueCatUI.bundle/fr_FR.lproj/Localizable.strings ... 
2026-06-05 02:42:47 +0000  810 bytes for ./RevenueCat_RevenueCatUI.bundle/fr_FR.lproj/Localizable.strings
2026-06-05 02:42:47 +0000  copying file ./RevenueCat_RevenueCatUI.bundle/hr.lproj/Localizable.strings ... 
2026-06-05 02:42:47 +0000  768 bytes for ./RevenueCat_RevenueCatUI.bundle/hr.lproj/Localizable.strings
2026-06-05 02:42:47 +0000  copying file ./RevenueCat_RevenueCatUI.bundle/hi.lproj/Localizable.strings ... 
2026-06-05 02:42:47 +0000  1147 bytes for ./RevenueCat_RevenueCatUI.bundle/hi.lproj/Localizable.strings
2026-06-05 02:42:47 +0000  copying file ./RevenueCat_RevenueCatUI.bundle/ca.lproj/Localizable.strings ... 
2026-06-05 02:42:47 +0000  800 bytes for ./RevenueCat_RevenueCatUI.bundle/ca.lproj/Localizable.strings
2026-06-05 02:42:47 +0000  copying file ./Assets.car ... 
2026-06-05 02:42:47 +0000  5790696 bytes for ./Assets.car
2026-06-05 02:42:47 +0000  copying file ./AppIcon76x76@2x~ipad.png ... 
2026-06-05 02:42:47 +0000  33218 bytes for ./AppIcon76x76@2x~ipad.png
2026-06-05 02:42:47 +0000  copying file ./PrivacyInfo.xcprivacy ... 
2026-06-05 02:42:47 +0000  461 bytes for ./PrivacyInfo.xcprivacy
2026-06-05 02:42:47 +0000  copying file ./RevenueCat_RevenueCat.bundle/PrivacyInfo.xcprivacy ... 
2026-06-05 02:42:47 +0000  945 bytes for ./RevenueCat_RevenueCat.bundle/PrivacyInfo.xcprivacy
2026-06-05 02:42:47 +0000  copying file ./RevenueCat_RevenueCat.bundle/Info.plist ... 
2026-06-05 02:42:47 +0000  692 bytes for ./RevenueCat_RevenueCat.bundle/Info.plist
2026-06-05 02:42:47 +0000  copying file ./PCOS.storekit ... 
2026-06-05 02:42:47 +0000  6168 bytes for ./PCOS.storekit
2026-06-05 02:42:47 +0000  copying file ./fr.lproj/Localizable.strings ... 
2026-06-05 02:42:47 +0000  165698 bytes for ./fr.lproj/Localizable.strings
2026-06-05 02:42:47 +0000  copying file ./fr.lproj/InfoPlist.strings ... 
2026-06-05 02:42:47 +0000  1855 bytes for ./fr.lproj/InfoPlist.strings
2026-06-05 02:42:47 +0000  copying file ./nl.lproj/Localizable.strings ... 
2026-06-05 02:42:47 +0000  112912 bytes for ./nl.lproj/Localizable.strings
2026-06-05 02:42:47 +0000  copying file ./nl.lproj/InfoPlist.strings ... 
2026-06-05 02:42:47 +0000  1001 bytes for ./nl.lproj/InfoPlist.strings
2026-06-05 02:42:47 +0000  copying file ./embedded.mobileprovision ... 
2026-06-05 02:42:47 +0000  14211 bytes for ./embedded.mobileprovision
2026-06-05 02:42:47 +0000  copying file ./Info.plist ... 
2026-06-05 02:42:47 +0000  2264 bytes for ./Info.plist
2026-06-05 02:42:47 +0000  copying file ./PCOS ... 
2026-06-05 02:42:47 +0000  16957680 bytes for ./PCOS
2026-06-05 02:42:47 +0000  copying file ./PkgInfo ... 
2026-06-05 02:42:47 +0000  8 bytes for ./PkgInfo
2026-06-05 02:42:47 +0000 [MT] /usr/bin/ditto exited with 0
2026-06-05 02:42:47 +0000 [MT] Processing step: IDEDistributionEmbedProfileStep
2026-06-05 02:42:47 +0000 [MT] Processing step: IDEDistributionInfoPlistStep
2026-06-05 02:42:47 +0000 [MT] Skipping setting DTXcodeBuildDistribution because toolsBuildVersionName was nil.
2026-06-05 02:42:47 +0000 [MT] Processing step: IDEDistributionItemRemovalStep
2026-06-05 02:42:47 +0000 [MT] Processing step: IDEDistributionAppThinningPlistStep
2026-06-05 02:42:47 +0000 [MT] Skipping step: IDEDistributionAppThinningPlistStep because it said so
2026-06-05 02:42:47 +0000 [MT] Processing step: IDEDistributionSymbolsStep
2026-06-05 02:42:47 +0000 [MT] Writing /var/folders/0b/k1m09vp508q4s2yhd017gsr40000gn/T/XcodeDistPipeline.~~~XNv9PY/Symbols/FA07A87F-01FA-387A-9DA0-B9E1E75D1121.symbols
2026-06-05 02:42:47 +0000 [MT] Processing step: IDEDistributionCopyAppleProvidedContentStep
2026-06-05 02:42:47 +0000 [MT] Processing step: IDEDistributionAppThinningStep
2026-06-05 02:42:47 +0000 [MT] Skipping step: IDEDistributionAppThinningStep because it said so
2026-06-05 02:42:47 +0000 [MT] Processing step: IDEDistributionArchThinningStep
2026-06-05 02:42:47 +0000 [MT] Archs to thin for item /Users/alexhuggler/Desktop/AI Work/PCOS/PCOS_Management/Artifacts/Archives/CycleBalance-1.0.0-b1.xcarchive/Products/Applications/PCOS.app are []
2026-06-05 02:42:47 +0000 [MT] Processing step: IDEDistributionODRStep
2026-06-05 02:42:47 +0000 [MT] Processing step: IDEDistributionStripXattrsStep
2026-06-05 02:42:47 +0000 [MT] Skipping stripping extended attributes because the codesign step will strip them.
2026-06-05 02:42:47 +0000 [MT] Processing step: IDEDistributionCodesignStep
2026-06-05 02:42:47 +0000 [MT] Entitlements for <IDEDistributionItem: 0x11798bdb0; bundleID='alex.PCOS', path='<DVTFilePath:0x11728a120:'/Users/alexhuggler/Desktop/AI Work/PCOS/PCOS_Management/Artifacts/Archives/CycleBalance-1.0.0-b1.xcarchive/Products/Applications/PCOS.app'>', codeSigningInfo='<_DVTCodeSigningInformation_Path: 0x119e055a0; isSigned='1', isAdHocSigned='0', signingCertificate='<DVTSigningCertificate: 0x119fbe4e0; name='Apple Development: Alexandre Huggler (824UWKF7UQ)', hash='59EFD28E8DA02B76BE1D40F415C31E25A02ED5C8', serialNumber='4C5ADB93FDB88DC397EB3CF962680033', certificateKinds='(
    "1.2.840.113635.100.6.1.12",
    "1.2.840.113635.100.6.1.2"
), issueDate='2026-01-27 22:54:36 +0000''>', entitlements='{
    "application-identifier" = "2PW989LA87.alex.PCOS";
    "com.apple.developer.healthkit" = 1;
    "com.apple.developer.team-identifier" = 2PW989LA87;
    "get-task-allow" = 1;
}', teamID='2PW989LA87', identifier='alex.PCOS', executablePath='<DVTFilePath:0x116cde9c0:'/Users/alexhuggler/Desktop/AI Work/PCOS/PCOS_Management/Artifacts/Archives/CycleBalance-1.0.0-b1.xcarchive/Products/Applications/PCOS.app/PCOS'>', hardenedRuntime='0'>'>: {
    "application-identifier" = "2PW989LA87.alex.PCOS";
    "beta-reports-active" = 1;
    "com.apple.developer.healthkit" = 1;
    "com.apple.developer.team-identifier" = 2PW989LA87;
    "get-task-allow" = 0;
}
2026-06-05 02:42:47 +0000 [MT] Associated App Clip Identifiers Filter: Skipping because "com.apple.developer.associated-appclip-app-identifiers" is not present
2026-06-05 02:42:47 +0000 [MT] Entitlements for <IDEDistributionItem: 0x11798bdb0; bundleID='alex.PCOS', path='<DVTFilePath:0x11728a120:'/Users/alexhuggler/Desktop/AI Work/PCOS/PCOS_Management/Artifacts/Archives/CycleBalance-1.0.0-b1.xcarchive/Products/Applications/PCOS.app'>', codeSigningInfo='<_DVTCodeSigningInformation_Path: 0x119e055a0; isSigned='1', isAdHocSigned='0', signingCertificate='<DVTSigningCertificate: 0x12125fee0; name='Apple Development: Alexandre Huggler (824UWKF7UQ)', hash='59EFD28E8DA02B76BE1D40F415C31E25A02ED5C8', serialNumber='4C5ADB93FDB88DC397EB3CF962680033', certificateKinds='(
    "1.2.840.113635.100.6.1.12",
    "1.2.840.113635.100.6.1.2"
), issueDate='2026-01-27 22:54:36 +0000''>', entitlements='{
    "application-identifier" = "2PW989LA87.alex.PCOS";
    "com.apple.developer.healthkit" = 1;
    "com.apple.developer.team-identifier" = 2PW989LA87;
    "get-task-allow" = 1;
}', teamID='2PW989LA87', identifier='alex.PCOS', executablePath='<DVTFilePath:0x116cde9c0:'/Users/alexhuggler/Desktop/AI Work/PCOS/PCOS_Management/Artifacts/Archives/CycleBalance-1.0.0-b1.xcarchive/Products/Applications/PCOS.app/PCOS'>', hardenedRuntime='0'>'> are: {
    "application-identifier" = "2PW989LA87.alex.PCOS";
    "beta-reports-active" = 1;
    "com.apple.developer.healthkit" = 1;
    "com.apple.developer.team-identifier" = 2PW989LA87;
    "get-task-allow" = 0;
}
2026-06-05 02:42:47 +0000 [MT] Writing entitlements for <IDEDistributionItem: 0x11798bdb0; bundleID='alex.PCOS', path='<DVTFilePath:0x11728a120:'/Users/alexhuggler/Desktop/AI Work/PCOS/PCOS_Management/Artifacts/Archives/CycleBalance-1.0.0-b1.xcarchive/Products/Applications/PCOS.app'>', codeSigningInfo='<_DVTCodeSigningInformation_Path: 0x119e055a0; isSigned='1', isAdHocSigned='0', signingCertificate='<DVTSigningCertificate: 0x12127b690; name='Apple Development: Alexandre Huggler (824UWKF7UQ)', hash='59EFD28E8DA02B76BE1D40F415C31E25A02ED5C8', serialNumber='4C5ADB93FDB88DC397EB3CF962680033', certificateKinds='(
    "1.2.840.113635.100.6.1.12",
    "1.2.840.113635.100.6.1.2"
), issueDate='2026-01-27 22:54:36 +0000''>', entitlements='{
    "application-identifier" = "2PW989LA87.alex.PCOS";
    "com.apple.developer.healthkit" = 1;
    "com.apple.developer.team-identifier" = 2PW989LA87;
    "get-task-allow" = 1;
}', teamID='2PW989LA87', identifier='alex.PCOS', executablePath='<DVTFilePath:0x116cde9c0:'/Users/alexhuggler/Desktop/AI Work/PCOS/PCOS_Management/Artifacts/Archives/CycleBalance-1.0.0-b1.xcarchive/Products/Applications/PCOS.app/PCOS'>', hardenedRuntime='0'>'> to: /var/folders/0b/k1m09vp508q4s2yhd017gsr40000gn/T/XcodeDistPipeline.~~~XNv9PY/entitlements~~~yBZD1U
2026-06-05 02:42:47 +0000 [MT] invoking codesign: <NSConcreteTask: 0x121273900; launchPath='/usr/bin/codesign', arguments='(
    "-f",
    "-s",
    6E16AB358C0207B8FA7E4C96CE2E2844D9CA360D,
    "--entitlements",
    "/var/folders/0b/k1m09vp508q4s2yhd017gsr40000gn/T/XcodeDistPipeline.~~~XNv9PY/entitlements~~~yBZD1U",
    "--preserve-metadata=identifier,flags,runtime,launch-constraints,library-constraints",
    "--generate-entitlement-der",
    "--strip-disallowed-xattrs",
    "-vvv",
    "/var/folders/0b/k1m09vp508q4s2yhd017gsr40000gn/T/XcodeDistPipeline.~~~XNv9PY/Root/Payload/PCOS.app"
)'>
2026-06-05 02:42:47 +0000 [MT] codesign output: /var/folders/0b/k1m09vp508q4s2yhd017gsr40000gn/T/XcodeDistPipeline.~~~XNv9PY/Root/Payload/PCOS.app: replacing existing signature
/var/folders/0b/k1m09vp508q4s2yhd017gsr40000gn/T/XcodeDistPipeline.~~~XNv9PY/Root/Payload/PCOS.app: signed app bundle with Mach-O thin (arm64) [alex.PCOS]
2026-06-05 02:42:47 +0000 [MT] Processing step: IDEDistributionZipODRItemStep
2026-06-05 02:42:47 +0000 [MT] Skipping step: IDEDistributionZipODRItemStep because it said so
2026-06-05 02:42:47 +0000 [MT] Processing step: IDEDistributionCreateIPAStep
2026-06-05 02:42:47 +0000 [MT] Running /usr/bin/rsync '-8aPhhE' '/var/folders/0b/k1m09vp508q4s2yhd017gsr40000gn/T/XcodeDistPipeline.~~~XNv9PY/Symbols' '--link-dest' '/var/folders/0b/k1m09vp508q4s2yhd017gsr40000gn/T/XcodeDistPipeline.~~~XNv9PY' '/var/folders/0b/k1m09vp508q4s2yhd017gsr40000gn/T/XcodeDistPipeline.~~~XNv9PY/Root'
2026-06-05 02:42:47 +0000  Symbols/
._Symbols
            163 170%    3.88MB/s   00:00:00 (xfer#1, to-check=0/4)
2026-06-05 02:42:47 +0000  Symbols/FA07A87F-01FA-387A-9DA0-B9E1E75D1121.symbols
Symbols/._FA07A87F-01FA-387A-9DA0-B9E1E75D1121.symbols
            163   0%  440.98KB/s   00:00:00 (xfer#2, to-check=2/4)
2026-06-05 02:42:47 +0000 [MT] /usr/bin/rsync exited with 0
2026-06-05 02:42:47 +0000 [MT] Running /usr/bin/ditto '-V' '-c' '-k' '--norsrc' '/var/folders/0b/k1m09vp508q4s2yhd017gsr40000gn/T/XcodeDistPipeline.~~~XNv9PY/Root' '/var/folders/0b/k1m09vp508q4s2yhd017gsr40000gn/T/XcodeDistPipeline.~~~XNv9PY/Packages/PCOS.ipa'
2026-06-05 02:42:47 +0000  >>> Copying /var/folders/0b/k1m09vp508q4s2yhd017gsr40000gn/T/XcodeDistPipeline.~~~XNv9PY/Root 
2026-06-05 02:42:47 +0000  copying file ./Payload/PCOS.app/de.lproj/Localizable.strings ... 
2026-06-05 02:42:47 +0000  162874 bytes for ./Payload/PCOS.app/de.lproj/Localizable.strings
2026-06-05 02:42:47 +0000  copying file ./Payload/PCOS.app/de.lproj/InfoPlist.strings ... 
2026-06-05 02:42:47 +0000  1494 bytes for ./Payload/PCOS.app/de.lproj/InfoPlist.strings
2026-06-05 02:42:47 +0000  copying file ./Payload/PCOS.app/_CodeSignature/CodeResources ... 
2026-06-05 02:42:47 +0000  29281 bytes for ./Payload/PCOS.app/_CodeSignature/CodeResources
2026-06-05 02:42:47 +0000  copying file ./Payload/PCOS.app/ja.lproj/Localizable.strings ... 
2026-06-05 02:42:47 +0000  101674 bytes for ./Payload/PCOS.app/ja.lproj/Localizable.strings
2026-06-05 02:42:47 +0000  copying file ./Payload/PCOS.app/ja.lproj/InfoPlist.strings ... 
2026-06-05 02:42:47 +0000  985 bytes for ./Payload/PCOS.app/ja.lproj/InfoPlist.strings
2026-06-05 02:42:47 +0000  copying file ./Payload/PCOS.app/SampleNutritionFixtures.json ... 
2026-06-05 02:42:47 +0000  12543 bytes for ./Payload/PCOS.app/SampleNutritionFixtures.json
2026-06-05 02:42:47 +0000  copying file ./Payload/PCOS.app/CormorantGaramond-Italic.ttf ... 
2026-06-05 02:42:47 +0000  715644 bytes for ./Payload/PCOS.app/CormorantGaramond-Italic.ttf
2026-06-05 02:42:47 +0000  copying file ./Payload/PCOS.app/it.lproj/Localizable.strings ... 
2026-06-05 02:42:47 +0000  141371 bytes for ./Payload/PCOS.app/it.lproj/Localizable.strings
2026-06-05 02:42:47 +0000  copying file ./Payload/PCOS.app/it.lproj/InfoPlist.strings ... 
2026-06-05 02:42:47 +0000  1448 bytes for ./Payload/PCOS.app/it.lproj/InfoPlist.strings
2026-06-05 02:42:47 +0000  copying file ./Payload/PCOS.app/AppIcon60x60@2x.png ... 
2026-06-05 02:42:47 +0000  22129 bytes for ./Payload/PCOS.app/AppIcon60x60@2x.png
2026-06-05 02:42:47 +0000  copying file ./Payload/PCOS.app/FoodAliases.json ... 
2026-06-05 02:42:47 +0000  1564 bytes for ./Payload/PCOS.app/FoodAliases.json
2026-06-05 02:42:47 +0000  copying file ./Payload/PCOS.app/FoodDensityDefaults.json ... 
2026-06-05 02:42:47 +0000  308 bytes for ./Payload/PCOS.app/FoodDensityDefaults.json
copying file ./Payload/PCOS.app/ko.lproj/Localizable.strings ... 
2026-06-05 02:42:47 +0000  104087 bytes for ./Payload/PCOS.app/ko.lproj/Localizable.strings
2026-06-05 02:42:47 +0000  copying file ./Payload/PCOS.app/ko.lproj/InfoPlist.strings ... 
2026-06-05 02:42:47 +0000  1063 bytes for ./Payload/PCOS.app/ko.lproj/InfoPlist.strings
2026-06-05 02:42:47 +0000  copying file ./Payload/PCOS.app/CormorantGaramond-SemiBold.ttf ... 
2026-06-05 02:42:47 +0000  1195560 bytes for ./Payload/PCOS.app/CormorantGaramond-SemiBold.ttf
2026-06-05 02:42:47 +0000  copying file ./Payload/PCOS.app/CormorantGaramond-Regular.ttf ... 
2026-06-05 02:42:47 +0000  1195560 bytes for ./Payload/PCOS.app/CormorantGaramond-Regular.ttf
2026-06-05 02:42:47 +0000  copying file ./Payload/PCOS.app/RevenueCat_RevenueCatUI.bundle/de.lproj/Localizable.strings ... 
2026-06-05 02:42:47 +0000  814 bytes for ./Payload/PCOS.app/RevenueCat_RevenueCatUI.bundle/de.lproj/Localizable.strings
2026-06-05 02:42:47 +0000  copying file ./Payload/PCOS.app/RevenueCat_RevenueCatUI.bundle/zh_Hans.lproj/Localizable.strings ... 
2026-06-05 02:42:47 +0000  700 bytes for ./Payload/PCOS.app/RevenueCat_RevenueCatUI.bundle/zh_Hans.lproj/Localizable.strings
2026-06-05 02:42:47 +0000  copying file ./Payload/PCOS.app/RevenueCat_RevenueCatUI.bundle/he.lproj/Localizable.strings ... 
2026-06-05 02:42:47 +0000  887 bytes for ./Payload/PCOS.app/RevenueCat_RevenueCatUI.bundle/he.lproj/Localizable.strings
2026-06-05 02:42:47 +0000  copying file ./Payload/PCOS.app/RevenueCat_RevenueCatUI.bundle/en_AU.lproj/Localizable.strings ... 
2026-06-05 02:42:47 +0000  725 bytes for ./Payload/PCOS.app/RevenueCat_RevenueCatUI.bundle/en_AU.lproj/Localizable.strings
2026-06-05 02:42:47 +0000  copying file ./Payload/PCOS.app/RevenueCat_RevenueCatUI.bundle/ar.lproj/Localizable.strings ... 
2026-06-05 02:42:47 +0000  876 bytes for ./Payload/PCOS.app/RevenueCat_RevenueCatUI.bundle/ar.lproj/Localizable.strings
2026-06-05 02:42:47 +0000  copying file ./Payload/PCOS.app/RevenueCat_RevenueCatUI.bundle/el.lproj/Localizable.strings ... 
2026-06-05 02:42:47 +0000  1014 bytes for ./Payload/PCOS.app/RevenueCat_RevenueCatUI.bundle/el.lproj/Localizable.strings
2026-06-05 02:42:47 +0000  copying file ./Payload/PCOS.app/RevenueCat_RevenueCatUI.bundle/ja.lproj/Localizable.strings ... 
2026-06-05 02:42:47 +0000  859 bytes for ./Payload/PCOS.app/RevenueCat_RevenueCatUI.bundle/ja.lproj/Localizable.strings
2026-06-05 02:42:47 +0000  copying file ./Payload/PCOS.app/RevenueCat_RevenueCatUI.bundle/eu.lproj/Localizable.strings ... 
2026-06-05 02:42:47 +0000  798 bytes for ./Payload/PCOS.app/RevenueCat_RevenueCatUI.bundle/eu.lproj/Localizable.strings
2026-06-05 02:42:47 +0000  copying file ./Payload/PCOS.app/RevenueCat_RevenueCatUI.bundle/en.lproj/Localizable.strings ... 
2026-06-05 02:42:47 +0000  725 bytes for ./Payload/PCOS.app/RevenueCat_RevenueCatUI.bundle/en.lproj/Localizable.strings
2026-06-05 02:42:47 +0000  copying file ./Payload/PCOS.app/RevenueCat_RevenueCatUI.bundle/uk.lproj/Localizable.strings ... 
2026-06-05 02:42:47 +0000  1019 bytes for ./Payload/PCOS.app/RevenueCat_RevenueCatUI.bundle/uk.lproj/Localizable.strings
2026-06-05 02:42:47 +0000  copying file ./Payload/PCOS.app/RevenueCat_RevenueCatUI.bundle/es_419.lproj/Localizable.strings ... 
2026-06-05 02:42:47 +0000  770 bytes for ./Payload/PCOS.app/RevenueCat_RevenueCatUI.bundle/es_419.lproj/Localizable.strings
2026-06-05 02:42:47 +0000  copying file ./Payload/PCOS.app/RevenueCat_RevenueCatUI.bundle/en_US.lproj/Localizable.strings ... 
2026-06-05 02:42:47 +0000  725 bytes for ./Payload/PCOS.app/RevenueCat_RevenueCatUI.bundle/en_US.lproj/Localizable.strings
2026-06-05 02:42:47 +0000  copying file ./Payload/PCOS.app/RevenueCat_RevenueCatUI.bundle/pt_BR.lproj/Localizable.strings ... 
2026-06-05 02:42:47 +0000  770 bytes for ./Payload/PCOS.app/RevenueCat_RevenueCatUI.bundle/pt_BR.lproj/Localizable.strings
2026-06-05 02:42:47 +0000  copying file ./Payload/PCOS.app/RevenueCat_RevenueCatUI.bundle/da.lproj/Localizable.strings ... 
2026-06-05 02:42:47 +0000  765 bytes for ./Payload/PCOS.app/RevenueCat_RevenueCatUI.bundle/da.lproj/Localizable.strings
2026-06-05 02:42:47 +0000  copying file ./Payload/PCOS.app/RevenueCat_RevenueCatUI.bundle/sr_Latn.lproj/Localizable.strings ... 
2026-06-05 02:42:47 +0000  755 bytes for ./Payload/PCOS.app/RevenueCat_RevenueCatUI.bundle/sr_Latn.lproj/Localizable.strings
2026-06-05 02:42:47 +0000  copying file ./Payload/PCOS.app/RevenueCat_RevenueCatUI.bundle/it.lproj/Localizable.strings ... 
2026-06-05 02:42:47 +0000  801 bytes for ./Payload/PCOS.app/RevenueCat_RevenueCatUI.bundle/it.lproj/Localizable.strings
2026-06-05 02:42:47 +0000  copying file ./Payload/PCOS.app/RevenueCat_RevenueCatUI.bundle/bg.lproj/Localizable.strings ... 
2026-06-05 02:42:47 +0000  1051 bytes for ./Payload/PCOS.app/RevenueCat_RevenueCatUI.bundle/bg.lproj/Localizable.strings
2026-06-05 02:42:47 +0000  copying file ./Payload/PCOS.app/RevenueCat_RevenueCatUI.bundle/sk.lproj/Localizable.strings ... 
2026-06-05 02:42:47 +0000  784 bytes for ./Payload/PCOS.app/RevenueCat_RevenueCatUI.bundle/sk.lproj/Localizable.strings
2026-06-05 02:42:47 +0000  copying file ./Payload/PCOS.app/RevenueCat_RevenueCatUI.bundle/kk.lproj/Localizable.strings ... 
2026-06-05 02:42:47 +0000  1066 bytes for ./Payload/PCOS.app/RevenueCat_RevenueCatUI.bundle/kk.lproj/Localizable.strings
2026-06-05 02:42:47 +0000  copying file ./Payload/PCOS.app/RevenueCat_RevenueCatUI.bundle/pt_PT.lproj/Localizable.strings ... 
2026-06-05 02:42:47 +0000  770 bytes for ./Payload/PCOS.app/RevenueCat_RevenueCatUI.bundle/pt_PT.lproj/Localizable.strings
2026-06-05 02:42:47 +0000  copying file ./Payload/PCOS.app/RevenueCat_RevenueCatUI.bundle/sr.lproj/Localizable.strings ... 
2026-06-05 02:42:47 +0000  960 bytes for ./Payload/PCOS.app/RevenueCat_RevenueCatUI.bundle/sr.lproj/Localizable.strings
2026-06-05 02:42:47 +0000  copying file ./Payload/PCOS.app/RevenueCat_RevenueCatUI.bundle/ms.lproj/Localizable.strings ... 
2026-06-05 02:42:47 +0000  757 bytes for ./Payload/PCOS.app/RevenueCat_RevenueCatUI.bundle/ms.lproj/Localizable.strings
2026-06-05 02:42:47 +0000  copying file ./Payload/PCOS.app/RevenueCat_RevenueCatUI.bundle/sv.lproj/Localizable.strings ... 
2026-06-05 02:42:47 +0000  771 bytes for ./Payload/PCOS.app/RevenueCat_RevenueCatUI.bundle/sv.lproj/Localizable.strings
2026-06-05 02:42:47 +0000  copying file ./Payload/PCOS.app/RevenueCat_RevenueCatUI.bundle/cs.lproj/Localizable.strings ... 
2026-06-05 02:42:47 +0000  789 bytes for ./Payload/PCOS.app/RevenueCat_RevenueCatUI.bundle/cs.lproj/Localizable.strings
2026-06-05 02:42:47 +0000  copying file ./Payload/PCOS.app/RevenueCat_RevenueCatUI.bundle/ko.lproj/Localizable.strings ... 
2026-06-05 02:42:47 +0000  810 bytes for ./Payload/PCOS.app/RevenueCat_RevenueCatUI.bundle/ko.lproj/Localizable.strings
2026-06-05 02:42:47 +0000  copying file ./Payload/PCOS.app/RevenueCat_RevenueCatUI.bundle/zh_Hant.lproj/Localizable.strings ... 
2026-06-05 02:42:47 +0000  703 bytes for ./Payload/PCOS.app/RevenueCat_RevenueCatUI.bundle/zh_Hant.lproj/Localizable.strings
2026-06-05 02:42:47 +0000  copying file ./Payload/PCOS.app/RevenueCat_RevenueCatUI.bundle/background.jpg ... 
2026-06-05 02:42:47 +0000  106394 bytes for ./Payload/PCOS.app/RevenueCat_RevenueCatUI.bundle/background.jpg
2026-06-05 02:42:47 +0000  copying file ./Payload/PCOS.app/RevenueCat_RevenueCatUI.bundle/en_CA.lproj/Localizable.strings ... 
2026-06-05 02:42:47 +0000  725 bytes for ./Payload/PCOS.app/RevenueCat_RevenueCatUI.bundle/en_CA.lproj/Localizable.strings
2026-06-05 02:42:47 +0000  copying file ./Payload/PCOS.app/RevenueCat_RevenueCatUI.bundle/no.lproj/Localizable.strings ... 
2026-06-05 02:42:47 +0000  771 bytes for ./Payload/PCOS.app/RevenueCat_RevenueCatUI.bundle/no.lproj/Localizable.strings
2026-06-05 02:42:47 +0000  copying file ./Payload/PCOS.app/RevenueCat_RevenueCatUI.bundle/hu.lproj/Localizable.strings ... 
2026-06-05 02:42:47 +0000  837 bytes for ./Payload/PCOS.app/RevenueCat_RevenueCatUI.bundle/hu.lproj/Localizable.strings
2026-06-05 02:42:47 +0000  copying file ./Payload/PCOS.app/RevenueCat_RevenueCatUI.bundle/Assets.car ... 
2026-06-05 02:42:47 +0000  273352 bytes for ./Payload/PCOS.app/RevenueCat_RevenueCatUI.bundle/Assets.car
2026-06-05 02:42:47 +0000  copying file ./Payload/PCOS.app/RevenueCat_RevenueCatUI.bundle/tr.lproj/Localizable.strings ... 
2026-06-05 02:42:47 +0000  790 bytes for ./Payload/PCOS.app/RevenueCat_RevenueCatUI.bundle/tr.lproj/Localizable.strings
2026-06-05 02:42:47 +0000  copying file ./Payload/PCOS.app/RevenueCat_RevenueCatUI.bundle/pl.lproj/Localizable.strings ... 
2026-06-05 02:42:47 +0000  782 bytes for ./Payload/PCOS.app/RevenueCat_RevenueCatUI.bundle/pl.lproj/Localizable.strings
2026-06-05 02:42:47 +0000  copying file ./Payload/PCOS.app/RevenueCat_RevenueCatUI.bundle/en_GB.lproj/Localizable.strings ... 
2026-06-05 02:42:47 +0000  725 bytes for ./Payload/PCOS.app/RevenueCat_RevenueCatUI.bundle/en_GB.lproj/Localizable.strings
2026-06-05 02:42:47 +0000  copying file ./Payload/PCOS.app/RevenueCat_RevenueCatUI.bundle/vi.lproj/Localizable.strings ... 
2026-06-05 02:42:47 +0000  857 bytes for ./Payload/PCOS.app/RevenueCat_RevenueCatUI.bundle/vi.lproj/Localizable.strings
2026-06-05 02:42:47 +0000  copying file ./Payload/PCOS.app/RevenueCat_RevenueCatUI.bundle/ru.lproj/Localizable.strings ... 
2026-06-05 02:42:47 +0000  1078 bytes for ./Payload/PCOS.app/RevenueCat_RevenueCatUI.bundle/ru.lproj/Localizable.strings
2026-06-05 02:42:47 +0000  copying file ./Payload/PCOS.app/RevenueCat_RevenueCatUI.bundle/fr_CA.lproj/Localizable.strings ... 
2026-06-05 02:42:47 +0000  810 bytes for ./Payload/PCOS.app/RevenueCat_RevenueCatUI.bundle/fr_CA.lproj/Localizable.strings
2026-06-05 02:42:47 +0000  copying file ./Payload/PCOS.app/RevenueCat_RevenueCatUI.bundle/es_ES.lproj/Localizable.strings ... 
2026-06-05 02:42:47 +0000  770 bytes for ./Payload/PCOS.app/RevenueCat_RevenueCatUI.bundle/es_ES.lproj/Localizable.strings
2026-06-05 02:42:47 +0000  copying file ./Payload/PCOS.app/RevenueCat_RevenueCatUI.bundle/fi.lproj/Localizable.strings ... 
2026-06-05 02:42:47 +0000  760 bytes for ./Payload/PCOS.app/RevenueCat_RevenueCatUI.bundle/fi.lproj/Localizable.strings
2026-06-05 02:42:47 +0000  copying file ./Payload/PCOS.app/RevenueCat_RevenueCatUI.bundle/id.lproj/Localizable.strings ... 
2026-06-05 02:42:47 +0000  752 bytes for ./Payload/PCOS.app/RevenueCat_RevenueCatUI.bundle/id.lproj/Localizable.strings
2026-06-05 02:42:47 +0000  copying file ./Payload/PCOS.app/RevenueCat_RevenueCatUI.bundle/nl.lproj/Localizable.strings ... 
2026-06-05 02:42:47 +0000  757 bytes for ./Payload/PCOS.app/RevenueCat_RevenueCatUI.bundle/nl.lproj/Localizable.strings
2026-06-05 02:42:47 +0000  copying file ./Payload/PCOS.app/RevenueCat_RevenueCatUI.bundle/th.lproj/Localizable.strings ... 
2026-06-05 02:42:47 +0000  1254 bytes for ./Payload/PCOS.app/RevenueCat_RevenueCatUI.bundle/th.lproj/Localizable.strings
2026-06-05 02:42:47 +0000  copying file ./Payload/PCOS.app/RevenueCat_RevenueCatUI.bundle/az.lproj/Localizable.strings ... 
2026-06-05 02:42:47 +0000  771 bytes for ./Payload/PCOS.app/RevenueCat_RevenueCatUI.bundle/az.lproj/Localizable.strings
2026-06-05 02:42:47 +0000  copying file ./Payload/PCOS.app/RevenueCat_RevenueCatUI.bundle/ro.lproj/Localizable.strings ... 
2026-06-05 02:42:47 +0000  821 bytes for ./Payload/PCOS.app/RevenueCat_RevenueCatUI.bundle/ro.lproj/Localizable.strings
2026-06-05 02:42:47 +0000  copying file ./Payload/PCOS.app/RevenueCat_RevenueCatUI.bundle/Info.plist ... 
696 bytes for ./Payload/PCOS.app/RevenueCat_RevenueCatUI.bundle/Info.plist
copying file ./Payload/PCOS.app/RevenueCat_RevenueCatUI.bundle/fr_FR.lproj/Localizable.strings ... 
2026-06-05 02:42:47 +0000  810 bytes for ./Payload/PCOS.app/RevenueCat_RevenueCatUI.bundle/fr_FR.lproj/Localizable.strings
2026-06-05 02:42:47 +0000  copying file ./Payload/PCOS.app/RevenueCat_RevenueCatUI.bundle/hr.lproj/Localizable.strings ... 
2026-06-05 02:42:47 +0000  768 bytes for ./Payload/PCOS.app/RevenueCat_RevenueCatUI.bundle/hr.lproj/Localizable.strings
2026-06-05 02:42:47 +0000  copying file ./Payload/PCOS.app/RevenueCat_RevenueCatUI.bundle/hi.lproj/Localizable.strings ... 
2026-06-05 02:42:47 +0000  1147 bytes for ./Payload/PCOS.app/RevenueCat_RevenueCatUI.bundle/hi.lproj/Localizable.strings
2026-06-05 02:42:47 +0000  copying file ./Payload/PCOS.app/RevenueCat_RevenueCatUI.bundle/ca.lproj/Localizable.strings ... 
2026-06-05 02:42:47 +0000  800 bytes for ./Payload/PCOS.app/RevenueCat_RevenueCatUI.bundle/ca.lproj/Localizable.strings
2026-06-05 02:42:47 +0000  copying file ./Payload/PCOS.app/Assets.car ... 
2026-06-05 02:42:47 +0000  5790696 bytes for ./Payload/PCOS.app/Assets.car
2026-06-05 02:42:47 +0000  copying file ./Payload/PCOS.app/AppIcon76x76@2x~ipad.png ... 
2026-06-05 02:42:47 +0000  33218 bytes for ./Payload/PCOS.app/AppIcon76x76@2x~ipad.png
2026-06-05 02:42:47 +0000  copying file ./Payload/PCOS.app/PrivacyInfo.xcprivacy ... 
2026-06-05 02:42:47 +0000  461 bytes for ./Payload/PCOS.app/PrivacyInfo.xcprivacy
2026-06-05 02:42:47 +0000  copying file ./Payload/PCOS.app/RevenueCat_RevenueCat.bundle/PrivacyInfo.xcprivacy ... 
2026-06-05 02:42:47 +0000  945 bytes for ./Payload/PCOS.app/RevenueCat_RevenueCat.bundle/PrivacyInfo.xcprivacy
2026-06-05 02:42:47 +0000  copying file ./Payload/PCOS.app/RevenueCat_RevenueCat.bundle/Info.plist ... 
2026-06-05 02:42:47 +0000  692 bytes for ./Payload/PCOS.app/RevenueCat_RevenueCat.bundle/Info.plist
2026-06-05 02:42:47 +0000  copying file ./Payload/PCOS.app/PCOS.storekit ... 
2026-06-05 02:42:47 +0000  6168 bytes for ./Payload/PCOS.app/PCOS.storekit
2026-06-05 02:42:47 +0000  copying file ./Payload/PCOS.app/fr.lproj/Localizable.strings ... 
2026-06-05 02:42:47 +0000  165698 bytes for ./Payload/PCOS.app/fr.lproj/Localizable.strings
2026-06-05 02:42:47 +0000  copying file ./Payload/PCOS.app/fr.lproj/InfoPlist.strings ... 
2026-06-05 02:42:47 +0000  1855 bytes for ./Payload/PCOS.app/fr.lproj/InfoPlist.strings
2026-06-05 02:42:47 +0000  copying file ./Payload/PCOS.app/nl.lproj/Localizable.strings ... 
2026-06-05 02:42:47 +0000  112912 bytes for ./Payload/PCOS.app/nl.lproj/Localizable.strings
2026-06-05 02:42:47 +0000  copying file ./Payload/PCOS.app/nl.lproj/InfoPlist.strings ... 
2026-06-05 02:42:47 +0000  1001 bytes for ./Payload/PCOS.app/nl.lproj/InfoPlist.strings
2026-06-05 02:42:47 +0000  copying file ./Payload/PCOS.app/embedded.mobileprovision ... 
2026-06-05 02:42:47 +0000  18443 bytes for ./Payload/PCOS.app/embedded.mobileprovision
2026-06-05 02:42:47 +0000  copying file ./Payload/PCOS.app/Info.plist ... 
2026-06-05 02:42:47 +0000  2264 bytes for ./Payload/PCOS.app/Info.plist
2026-06-05 02:42:47 +0000  copying file ./Payload/PCOS.app/PCOS ... 
2026-06-05 02:42:48 +0000  16957776 bytes for ./Payload/PCOS.app/PCOS
2026-06-05 02:42:48 +0000  copying file ./Payload/PCOS.app/PkgInfo ... 
8 bytes for ./Payload/PCOS.app/PkgInfo
copying file ./Symbols/FA07A87F-01FA-387A-9DA0-B9E1E75D1121.symbols ... 
2026-06-05 02:42:48 +0000  49803660 bytes for ./Symbols/FA07A87F-01FA-387A-9DA0-B9E1E75D1121.symbols
2026-06-05 02:42:48 +0000 [MT] /usr/bin/ditto exited with 0
2026-06-05 02:42:48 +0000 [MT] Processing step: IDEDistributionAppStoreInformationStep
2026-06-05 02:42:48 +0000 [MT] Skipping step: IDEDistributionAppStoreInformationStep because it said so
2026-06-05 02:42:48 +0000 [MT] Processing step: IDEDistributionGenerateProcessedDistributionItems
2026-06-05 02:42:49 +0000 [MT] IDEDistributionItem init <DVTFilePath:0x1173e3380:'/var/folders/0b/k1m09vp508q4s2yhd017gsr40000gn/T/XcodeDistPipeline.~~~XNv9PY/Root/Payload/PCOS.app'>
2026-06-05 02:42:49 +0000 [MT] Processing step: IDEDistributionCreateManifestStep
2026-06-05 02:42:49 +0000 [MT] Skipping step: IDEDistributionCreateManifestStep because it said so
